QA output created by 080

== Check fsverity validation ==

== Check fsverity require ==

== Check fsverity copy-up ==
